arab_alt: Layout includes some ASCII punctuation but not all, missing: !, ", ', +, -, /, :, ;, <, =, >, ?, [, \, ], _, |, ~
arab_hamvaj_tly: Layout includes some ASCII punctuation but not all, missing: ", %, ', ,, /, ;, <, =, >, ?, [, \, ], _, `, {, |, }
arab_pc: Layout includes some ASCII punctuation but not all, missing: !, ', +, ;, ?, \, |
arab_pc_ckb: Layout includes some ASCII punctuation but not all, missing: ", %, ', +, ,, ;, <, =, >, ?, `, |, ~
arab_pc_ckb_fa: Layout includes some ASCII punctuation but not all, missing: ", #, $, %, &, ', ,, /, ;, ?, @, \, ^, `, |, ~
arab_pc_hindu: Layout includes some ASCII punctuation but not all, missing: !, ', +, ;, ?, \, |
arab_pc_ir: Layout includes some ASCII punctuation but not all, missing: ", %, ', ,, /, ;, <, =, >, ?, [, \, ], `, {, |, }
armn_cpbsmo: Layout includes some ASCII punctuation but not all, missing: !, ", #, $, %, &, ', *, +, <, =, >, ?, @, [, ], ^, `, {, }, ~
armn_kvertc: Layout includes some ASCII punctuation but not all, missing: !, ", #, $, %, &, ', *, +, <, =, >, ?, @, [, ], ^, `, {, }, ~
beng_national: Layout includes some ASCII punctuation but not all, missing: $
beng_provat: Layout includes some ASCII punctuation but not all, missing: $, &, *, ., /, <, >, [, \, ], `, {, |, }
cyrl_jcuken_ru: Layout includes some ASCII punctuation but not all, missing: #, $, &, ', *, <, >, @, [, ], ^, `, {, }, ~
cyrl_jiuken: Layout includes some ASCII punctuation but not all, missing: #, $, &, ', *, +, <, =, >, @, [, ], ^, _, `, {, }, ~
cyrl_lynyertdz_mk: Layout includes some ASCII punctuation but not all, missing: "
cyrl_yaverti: Layout includes some ASCII punctuation but not all, missing: ~
cyrl_yawerty: Layout includes some ASCII punctuation but not all, missing: #, $, &, ', *, <, >, @, [, ], ^, `, {, }, ~
cyrl_yxukeng_os: Layout includes some ASCII punctuation but not all, missing: ", #, $, &, ', @, [, ], ~
deva_alt: Layout includes some ASCII punctuation but not all, missing: #, $, %, &, ', (, ), *, +, ., /, :, <, =, >, [, \, ], ^, _, `, {, |, }, ~
deva_inscript: Layout includes some ASCII punctuation but not all, missing: ", $, ', ^, _, `, |
hebr_1_il: Layout includes some ASCII punctuation but not all, missing: (, ), <, >, [, ], {, }
hebr_2_il: Layout includes some ASCII punctuation but not all, missing: (, ), <, >, [, ], {, }
kann_kannada: Layout includes some ASCII punctuation but not all, missing: #, $, %, (, ), *, +, /, <, =, >, [, \, ], ^, `, {, |, }, ~
latin_kbdtuf_tr: Layout includes some ASCII punctuation but not all, missing: $
latin_kbdtuf_tr: These keys are now added automatically, unexpected: f11_placeholder, f12_placeholder
latin_kbdtuf_tr: Missing programming keys, missing: loc esc, loc tab
latn_colemak: Some keys contain whitespaces, unexpected:  ́
latn_dvorak: Missing important key, missing: loc capslock
latn_lzbz_en: Duplicate keys: 
<<<<<<< HEAD
=======
latn_lzbz_en: Layout includes some ASCII punctuation but not all, missing: <, >, {, }
>>>>>>> temp
latn_lzbz_en: Layout doesn't define some important keys, missing: delete
latn_lzbz_en: Layout contains editing keys, unexpected: copy, paste, selectAll
latn_lzbz_en: Layout contains empty strings, unexpected: 
latn_lzbz_en: Missing important key, missing: loc capslock, shift
latn_lzbz_en: Missing programming keys, missing: loc esc, loc tab
latn_lzbz_en: Layout redefines the bottom row but some important keys are missing, missing: config, ctrl, down, left, loc alt, loc change_method, loc compose, loc end, loc home, loc meta, loc page_down, loc page_up, loc switch_clipboard, loc switch_greekmath, loc voice_typing, right, switch_backward, switch_emoji, switch_forward, switch_numeric, up
latn_neo2: Layout redefines the bottom row but some important keys are missing, missing: loc switch_clipboard
latn_qwertz_cz_multifunctional: Layout includes some ASCII punctuation but not all, missing: `
latn_qwertz_sk: Layout includes some ASCII punctuation but not all, missing: `
latn_qzerty_it: Layout includes some ASCII punctuation but not all, missing: #, $, \, `, ~
urdu_phonetic_ur: Layout includes some ASCII punctuation but not all, missing: <, >, ?, `, |, ~
